Original SID: 'FDSN:NET_STA_LOC_C_H_N'
  network: 'NET', station: 'STA', location: 'LOC', channel: 'CHN'
  SID: 'FDSN:NET_STA_LOC_C_H_N'
Original SID: 'FDSN:XX_TEST__L_H_Z'
  network: 'XX', station: 'TEST', location: '', channel: 'LHZ'
  SID: 'FDSN:XX_TEST__L_H_Z'
Original SID: 'FDSN:NETWORK_STATION_LOCATION_BAND_SOURCE_POSITION'
  network: 'NETWORK', station: 'STATION', location: 'LOCATION', channel: 'BAND_SOURCE_POSITION'
  SID: 'FDSN:NETWORK_STATION_LOCATION_BAND_SOURCE_POSITION'
